jasondoze@jd finalsNBA % curl https://www.dropbox.com/s/8dx99bjfwh9eh38/nba_finals.csv?dl=0 -o nbaFinals.txt
zsh: no matches found: https://www.dropbox.com/s/8dx99bjfwh9eh38/nba_finals.csv?dl=0
jasondoze@jd finalsNBA % 'https://www.dropbox.com/s/8dx99bjfwh9eh38/nba_finals.csv?dl=0' -0 nbaFiles.txt 
zsh: no such file or directory: https://www.dropbox.com/s/8dx99bjfwh9eh38/nba_finals.csv?dl=0
jasondoze@jd finalsNBA % curl 'https://www.dropbox.com/s/8dx99bjfwh9eh38/nba_finals.csv?dl=0' -0 nbaFinals.txt
301 Moved Permanently
The resource has been moved to /s/raw/8dx99bjfwh9eh38/nba_finals.csv;
you should be redirected automatically.


curl: (6) Could not resolve host: nbaFinals.txt
jasondoze@jd finalsNBA % ls
nba-questions.md        winnerNBA.js
jasondoze@jd finalsNBA % curl 'https://www.dropbox.com/s/8dx99bjfwh9eh38/nba_finals.csv?dl=0' -0 nbaFinals.txt

301 Moved Permanently
The resource has been moved to /s/raw/8dx99bjfwh9eh38/nba_finals.csv;
you should be redirected automatically.


curl: (6) Could not resolve host: nbaFinals.txt
jasondoze@jd finalsNBA % 

